warning: diport DI port trait `Clock` 仅 adapter / 组合根可 impl：此 crate 不在 impl-site allowlist
  --> $DIR/main.rs:19:1
   |
LL | / impl Clock for MyClock {
LL | |     fn now(&self) -> SystemTime {
LL | |         SystemTime::UNIX_EPOCH
LL | |     }
LL | | }
   | |_^
   |
   = help: 把 provider 实现放到 `adapters/<name>`（或组合根 `bins/`·`assemblies/`·`composition/`），域 / 服务 crate 经构造器注入 `Box<DynX>` / `Arc<DynX>` 消费；确需在 allowlist 外 impl，在该 impl 块加 `#[allow(rss_diport_impl_allowlist)] // reason: ...`（item-level 逃生门），并在 PR review 说明理由
   = note: `#[warn(rss_diport_impl_allowlist)]` on by default

warning: diport DI port trait `ManagedResource` 仅 adapter / 组合根可 impl：此 crate 不在 impl-site allowlist
  --> $DIR/main.rs:28:1
   |
LL | / impl ManagedResource for MyResource {
LL | |     fn name(&self) -> &str {
LL | |         "mine"
...  |
LL | | }
   | |_^
   |
   = help: 把 provider 实现放到 `adapters/<name>`（或组合根 `bins/`·`assemblies/`·`composition/`），域 / 服务 crate 经构造器注入 `Box<DynX>` / `Arc<DynX>` 消费；确需在 allowlist 外 impl，在该 impl 块加 `#[allow(rss_diport_impl_allowlist)] // reason: ...`（item-level 逃生门），并在 PR review 说明理由

warning: 2 warnings emitted

