warning: projection_events 表是 append-only：不得对其 DELETE 或 TRUNCATE
  --> $DIR/disallowed.rs:6:33
   |
LL | const DELETE_PROJECTION: &str = "DELETE FROM projection_events WHERE id = $1";
   |                                 ^^^^^^^^^^^^^^^^^^^^^^^^^^^^^^^^^^^^^^^^^^^^^
   |
   = help: projection_events 仅 INSERT；逆转须经 maintainer 审核新前向迁移 GRANT；临时绕过加 `#[allow(rss_projection_append_only)] // reason: ...`
   = note: `#[warn(rss_projection_append_only)]` on by default

warning: projection_events 表是 append-only：不得对其 DELETE 或 TRUNCATE
  --> $DIR/disallowed.rs:9:35
   |
LL | const TRUNCATE_PROJECTION: &str = "TRUNCATE projection_events";
   |                                   ^^^^^^^^^^^^^^^^^^^^^^^^^^^^
   |
   = help: projection_events 仅 INSERT；逆转须经 maintainer 审核新前向迁移 GRANT；临时绕过加 `#[allow(rss_projection_append_only)] // reason: ...`

warning: projection_events 表是 append-only：不得对其 DELETE 或 TRUNCATE
  --> $DIR/disallowed.rs:12:32
   |
LL | const MULTILINE_DELETE: &str = "DELETE FROM projection_events WHERE created_at < now()";
   |                                ^^^^^^^^^^^^^^^^^^^^^^^^^^^^^^^^^^^^^^^^^^^^^^^^^^^^^^^^
   |
   = help: projection_events 仅 INSERT；逆转须经 maintainer 审核新前向迁移 GRANT；临时绕过加 `#[allow(rss_projection_append_only)] // reason: ...`

warning: 3 warnings emitted

