warning: operator constructor `DlqOperatorAuthorization::issue` 当前没有获授权的生产 callsite
  --> $DIR/disallowed.rs:5:17
   |
LL |     let _auth = diport::DlqOperatorAuthorization::<diport::dlq_operator_action::List>::issue(
   |                 ^^^^^^^^^^^^^^^^^^^^^^^^^^^^^^^^^^^^^^^^^^^^^^^^^^^^^^^^^^^^^^^^^^^^^^^^^^^^
   |
   = help: 不要直接调用或保存 constructor 函数项；生产 owner 必须先建立新的精确授权边界
   = note: `#[warn(rss_operator_authorization_callsite)]` on by default

warning: operator constructor `OperatorReconcileCapability::issue_for_authorized_operator` 当前没有获授权的生产 callsite
  --> $DIR/disallowed.rs:13:22
   |
LL |     let _reconcile = eventexec::OperatorReconcileCapability::issue_for_authorized_operator();
   |                      ^^^^^^^^^^^^^^^^^^^^^^^^^^^^^^^^^^^^^^^^^^^^^^^^^^^^^^^^^^^^^^^^^^^^^
   |
   = help: 不要直接调用或保存 constructor 函数项；生产 owner 必须先建立新的精确授权边界

warning: operator constructor `OperatorReconcileCapability::issue_for_authorized_operator` 当前没有获授权的生产 callsite
  --> $DIR/disallowed.rs:14:27
   |
LL |     let issue_reconcile = eventexec::OperatorReconcileCapability::issue_for_authorized_operator;
   |                           ^^^^^^^^^^^^^^^^^^^^^^^^^^^^^^^^^^^^^^^^^^^^^^^^^^^^^^^^^^^^^^^^^^^^^
   |
   = help: 不要直接调用或保存 constructor 函数项；生产 owner 必须先建立新的精确授权边界

warning: operator constructor `OperatorL2DrRecoveryCapability::issue_for_authorized_operator` 当前没有获授权的生产 callsite
  --> $DIR/disallowed.rs:17:15
   |
LL |     let _l2 = eventexec::OperatorL2DrRecoveryCapability::issue_for_authorized_operator();
   |               ^^^^^^^^^^^^^^^^^^^^^^^^^^^^^^^^^^^^^^^^^^^^^^^^^^^^^^^^^^^^^^^^^^^^^^^^
   |
   = help: 不要直接调用或保存 constructor 函数项；生产 owner 必须先建立新的精确授权边界

warning: operator constructor `OperatorL2DrRecoveryCapability::issue_for_authorized_operator` 当前没有获授权的生产 callsite
  --> $DIR/disallowed.rs:18:20
   |
LL |     let issue_l2 = eventexec::OperatorL2DrRecoveryCapability::issue_for_authorized_operator;
   |                    ^^^^^^^^^^^^^^^^^^^^^^^^^^^^^^^^^^^^^^^^^^^^^^^^^^^^^^^^^^^^^^^^^^^^^^^^
   |
   = help: 不要直接调用或保存 constructor 函数项；生产 owner 必须先建立新的精确授权边界

warning: 5 warnings emitted
