warning: operator capability `DlqOperatorAuthorization::issue` 仅可在受信 admin/PDP 或精确 runtime wrapper 签发
  --> $DIR/runtime.rs:52:17
   |
LL |     let _auth = diport::DlqOperatorAuthorization::<diport::dlq_operator_action::List>::issue(
   |                 ^^^^^^^^^^^^^^^^^^^^^^^^^^^^^^^^^^^^^^^^^^^^^^^^^^^^^^^^^^^^^^^^^^^^^^^^^^^^
   |
   = help: 仅通过 `runtime::operator::dlq::issue_dlq_authorization` 精确 wrapper 构造；不要直接调用或保存 constructor 函数项
   = note: `#[warn(rss_operator_authorization_callsite)]` on by default

warning: operator capability `OperatorL2DrRecoveryCapability::issue_for_authorized_operator` 仅可在受信 admin/PDP 或精确受信 wrapper 签发
  --> $DIR/runtime.rs:59:15
   |
LL |     let _l2 = eventexec::OperatorL2DrRecoveryCapability::issue_for_authorized_operator();
   |               ^^^^^^^^^^^^^^^^^^^^^^^^^^^^^^^^^^^^^^^^^^^^^^^^^^^^^^^^^^^^^^^^^^^^^^^^
   |
   = help: 仅通过以下精确受信 wrapper 之一构造：`runtime::operator::dr_recovery::issue_authorized_l2_dr_recovery_capability`, `postgres::fault_matrix::FaultMatrixPreparedL2DrRecovery::required_fence`；不要直接调用或保存 constructor 函数项

warning: operator recovery plan `AuthorizedL2DrRecoveryPlan::from_authenticated_and_authorized` 仅可在认证、精确授权且已消费 durable start proof 的精确受信 callsite 构造
  --> $DIR/runtime.rs:67:13
   |
LL |     let _ = eventexec::AuthorizedL2DrRecoveryPlan::from_authenticated_and_authorized(
   |             ^^^^^^^^^^^^^^^^^^^^^^^^^^^^^^^^^^^^^^^^^^^^^^^^^^^^^^^^^^^^^^^^^^^^^^^^
   |
   = help: 仅允许以下精确受信 callsite 之一：`runtime::operator::dr_recovery::execute_connected_l2_dr_recovery`, `postgres::fault_matrix::FaultMatrixPreparedL2DrRecovery::required_fence`；不要直接调用、保存 constructor 函数项或创建同名旁路

warning: operator recovery plan `AuthorizedL2DrRecoveryPlan::from_authenticated_and_authorized` 仅可在认证、精确授权且已消费 durable start proof 的精确受信 callsite 构造
  --> $DIR/runtime.rs:77:21
   |
LL |     let authorize = eventexec::AuthorizedL2DrRecoveryPlan::from_authenticated_and_authorized;
   |                     ^^^^^^^^^^^^^^^^^^^^^^^^^^^^^^^^^^^^^^^^^^^^^^^^^^^^^^^^^^^^^^^^^^^^^^^^
   |
   = help: 仅允许以下精确受信 callsite 之一：`runtime::operator::dr_recovery::execute_connected_l2_dr_recovery`, `postgres::fault_matrix::FaultMatrixPreparedL2DrRecovery::required_fence`；不要直接调用、保存 constructor 函数项或创建同名旁路

warning: operator capability `DlqOperatorAuthorization::issue` 仅可在受信 admin/PDP 或精确 runtime wrapper 签发
  --> $DIR/runtime.rs:89:9
   |
LL |         diport::DlqOperatorAuthorization::issue(
   |         ^^^^^^^^^^^^^^^^^^^^^^^^^^^^^^^^^^^^^^^
   |
   = help: 仅通过 `runtime::operator::dlq::issue_dlq_authorization` 精确 wrapper 构造；不要直接调用或保存 constructor 函数项

warning: operator capability `OperatorL2DrRecoveryCapability::issue_for_authorized_operator` 仅可在受信 admin/PDP 或精确受信 wrapper 签发
  --> $DIR/runtime.rs:99:9
   |
LL |         eventexec::OperatorL2DrRecoveryCapability::issue_for_authorized_operator()
   |         ^^^^^^^^^^^^^^^^^^^^^^^^^^^^^^^^^^^^^^^^^^^^^^^^^^^^^^^^^^^^^^^^^^^^^^^^
   |
   = help: 仅通过以下精确受信 wrapper 之一构造：`runtime::operator::dr_recovery::issue_authorized_l2_dr_recovery_capability`, `postgres::fault_matrix::FaultMatrixPreparedL2DrRecovery::required_fence`；不要直接调用或保存 constructor 函数项

warning: operator recovery plan `AuthorizedL2DrRecoveryPlan::from_authenticated_and_authorized` 仅可在认证、精确授权且已消费 durable start proof 的精确受信 callsite 构造
  --> $DIR/runtime.rs:107:9
   |
LL |         eventexec::AuthorizedL2DrRecoveryPlan::from_authenticated_and_authorized(
   |         ^^^^^^^^^^^^^^^^^^^^^^^^^^^^^^^^^^^^^^^^^^^^^^^^^^^^^^^^^^^^^^^^^^^^^^^^
   |
   = help: 仅允许以下精确受信 callsite 之一：`runtime::operator::dr_recovery::execute_connected_l2_dr_recovery`, `postgres::fault_matrix::FaultMatrixPreparedL2DrRecovery::required_fence`；不要直接调用、保存 constructor 函数项或创建同名旁路

warning: 7 warnings emitted

