warning: operator capability 仅 admin/PDP 边界可签发：`issue_for_authorized_operator` 不得在此 crate 调用
  --> $DIR/runtime.rs:27:16
   |
LL |     let _cap = eventexec::OperatorDlqCapability::issue_for_authorized_operator();
   |                ^^^^^^^^^^^^^^^^^^^^^^^^^^^^^^^^^^^^^^^^^^^^^^^^^^^^^^^^^^^^^^^
   |
   = help: 在 allowlist 的 admin/PDP 授权路径中签发 capability；runtime CLI 仅允许精确的 authenticated+authorized wrapper，其它 crate 经请求 DTO 接收
   = note: `#[warn(rss_dlq_operator_callsite)]` on by default

warning: authorized DLQ operator receipt 仅认证/PDP 边界可构造：`from_authenticated_and_authorized` 不得在此调用
  --> $DIR/runtime.rs:28:20
   |
LL |     let _receipt = eventexec::AuthorizedDlqOperatorReceipt::from_authenticated_and_authorized(
   |                    ^^^^^^^^^^^^^^^^^^^^^^^^^^^^^^^^^^^^^^^^^^^^^^^^^^^^^^^^^^^^^^^^^^^^^^^^^^
   |
   = help: 仅 runtime 可在完成 service-token 验证与精确 action/tenant grant 授权后，经 top-level `dlq_operator_receipt` wrapper 构造 private-field typed receipt

warning: operator capability 仅 admin/PDP 边界可签发：`issue_for_authorized_operator` 不得在此 crate 调用
  --> $DIR/runtime.rs:40:9
   |
LL |         eventexec::OperatorDlqCapability::issue_for_authorized_operator()
   |         ^^^^^^^^^^^^^^^^^^^^^^^^^^^^^^^^^^^^^^^^^^^^^^^^^^^^^^^^^^^^^^^
   |
   = help: 在 allowlist 的 admin/PDP 授权路径中签发 capability；runtime CLI 仅允许精确的 authenticated+authorized wrapper，其它 crate 经请求 DTO 接收

warning: authorized DLQ operator receipt 仅认证/PDP 边界可构造：`from_authenticated_and_authorized` 不得在此调用
  --> $DIR/runtime.rs:44:9
   |
LL |         eventexec::AuthorizedDlqOperatorReceipt::from_authenticated_and_authorized(
   |         ^^^^^^^^^^^^^^^^^^^^^^^^^^^^^^^^^^^^^^^^^^^^^^^^^^^^^^^^^^^^^^^^^^^^^^^^^^
   |
   = help: 仅 runtime 可在完成 service-token 验证与精确 action/tenant grant 授权后，经 top-level `dlq_operator_receipt` wrapper 构造 private-field typed receipt

warning: 4 warnings emitted

