warning: Principal 身份降维 accessor（`audit_subject` / `service_caller_domain`）仅组合根可调用
  --> $DIR/runtime.rs:22:27
   |
LL |     let _direct_subject = authn::Principal::audit_subject;
   |                           ^^^^^^^^^^^^^^^^^^^^^^^^^^^^^^^
   |
   = help: 仅在列明的 runtime verification wrapper 中读取 Principal 身份；其它 runtime 代码同样不得把 verified Principal 降维为可转传值
   = note: `#[warn(rss_authenticated_callsite)]` on by default

warning: Principal 身份降维 accessor（`audit_subject` / `service_caller_domain`）仅组合根可调用
  --> $DIR/runtime.rs:23:26
   |
LL |     let _direct_caller = authn::Principal::service_caller_domain;
   |                          ^^^^^^^^^^^^^^^^^^^^^^^^^^^^^^^^^^^^^^^
   |
   = help: 仅在列明的 runtime verification wrapper 中读取 Principal 身份；其它 runtime 代码同样不得把 verified Principal 降维为可转传值

warning: Authenticated 证据仅组合根（assembly / bin crate）可构造：profile-specific constructor 不得在此 crate 调用
  --> $DIR/runtime.rs:25:19
   |
LL |     let _direct = Authenticated::new_federated(
   |                   ^^^^^^^^^^^^^^^^^^^^^^^^^^^^
   |
   = help: 仅在 runtime `auth_bridge::{allow_evidence,mtls_evidence}` 的精确验签桥函数中构造 Authenticated；其它 runtime 代码同样不得 mint evidence

warning: Authenticated 证据仅组合根（assembly / bin crate）可构造：profile-specific constructor 不得在此 crate 调用
  --> $DIR/runtime.rs:32:23
   |
LL |     let _direct_rss = Authenticated::new_rss_user(
   |                       ^^^^^^^^^^^^^^^^^^^^^^^^^^^
   |
   = help: 仅在 runtime `auth_bridge::{allow_evidence,mtls_evidence}` 的精确验签桥函数中构造 Authenticated；其它 runtime 代码同样不得 mint evidence

warning: Authenticated 证据仅组合根（assembly / bin crate）可构造：profile-specific constructor 不得在此 crate 调用
  --> $DIR/runtime.rs:37:27
   |
LL |     let _direct_service = Authenticated::new_service(
   |                           ^^^^^^^^^^^^^^^^^^^^^^^^^^
   |
   = help: 仅在 runtime `auth_bridge::{allow_evidence,mtls_evidence}` 的精确验签桥函数中构造 Authenticated；其它 runtime 代码同样不得 mint evidence

warning: Principal 身份降维 accessor（`audit_subject` / `service_caller_domain`）仅组合根可调用
  --> $DIR/runtime.rs:106:17
   |
LL |         let _ = authn::Principal::audit_subject;
   |                 ^^^^^^^^^^^^^^^^^^^^^^^^^^^^^^^
   |
   = help: 仅在列明的 runtime verification wrapper 中读取 Principal 身份；其它 runtime 代码同样不得把 verified Principal 降维为可转传值

warning: Authenticated 证据仅组合根（assembly / bin crate）可构造：profile-specific constructor 不得在此 crate 调用
  --> $DIR/runtime.rs:107:9
   |
LL |         Authenticated::new_federated(
   |         ^^^^^^^^^^^^^^^^^^^^^^^^^^^^
   |
   = help: 仅在 runtime `auth_bridge::{allow_evidence,mtls_evidence}` 的精确验签桥函数中构造 Authenticated；其它 runtime 代码同样不得 mint evidence

warning: Principal 身份降维 accessor（`audit_subject` / `service_caller_domain`）仅组合根可调用
  --> $DIR/runtime.rs:117:17
   |
LL |         let _ = authn::Principal::service_caller_domain;
   |                 ^^^^^^^^^^^^^^^^^^^^^^^^^^^^^^^^^^^^^^^
   |
   = help: 仅在列明的 runtime verification wrapper 中读取 Principal 身份；其它 runtime 代码同样不得把 verified Principal 降维为可转传值

warning: 8 warnings emitted

