warning: Authenticated 证据仅组合根（assembly / bin crate）可构造：profile-specific constructor 不得在此 crate 调用
  --> $DIR/settingsonly.rs:20:9
   |
LL |         Authenticated::new_federated(
   |         ^^^^^^^^^^^^^^^^^^^^^^^^^^^^
   |
   = help: 仅在 runtime `auth_bridge::{allow_evidence,mtls_evidence}` 的精确验签桥函数中构造 Authenticated；其它 runtime 代码同样不得 mint evidence
   = note: `#[warn(rss_authenticated_callsite)]` on by default

warning: Principal 身份降维 accessor（`audit_subject` / `service_caller_domain`）仅组合根可调用
  --> $DIR/settingsonly.rs:22:13
   |
LL |             principal.audit_subject(),
   |             ^^^^^^^^^^^^^^^^^^^^^^^^^
   |
   = help: 仅在列明的 runtime verification wrapper 中读取 Principal 身份；其它 runtime 代码同样不得把 verified Principal 降维为可转传值

warning: settingsonly 不得重新解析 raw federated JWT 或投影 verified raw token
  --> $DIR/settingsonly.rs:30:13
   |
LL |     let _ = authn::Jwt::parse(raw);
   |             ^^^^^^^^^^^^^^^^^
   |
   = help: 仅消费 authn::verify_federated_access 返回的 VerifiedFederatedAccess；不得直接调用、别名或函数指针引用 Jwt::parse / VerifiedJwt::raw

warning: settingsonly 不得重新解析 raw federated JWT 或投影 verified raw token
  --> $DIR/settingsonly.rs:34:17
   |
LL |     let parse = authn::Jwt::parse;
   |                 ^^^^^^^^^^^^^^^^^
   |
   = help: 仅消费 authn::verify_federated_access 返回的 VerifiedFederatedAccess；不得直接调用、别名或函数指针引用 Jwt::parse / VerifiedJwt::raw

warning: settingsonly 不得重新解析 raw federated JWT 或投影 verified raw token
  --> $DIR/settingsonly.rs:39:68
   |
LL |     let parse: fn(&str) -> Result<authn::Jwt, authn::AuthnError> = authn::Jwt::parse;
   |                                                                    ^^^^^^^^^^^^^^^^^
   |
   = help: 仅消费 authn::verify_federated_access 返回的 VerifiedFederatedAccess；不得直接调用、别名或函数指针引用 Jwt::parse / VerifiedJwt::raw

warning: 5 warnings emitted

